[     218ms] [INFO] %cDownload the React DevTools for a better development experience: https://react.dev/link/react-devtools font-weight:bold @ http://localhost:3000/_next/static/chunks/0xn0_next_dist_0-rlh9~._.js:2477
[     233ms] [LOG] [HMR] connected @ http://localhost:3000/_next/static/chunks/0xn0_next_dist_0-rlh9~._.js:2477
[   49742ms] [WARNING] THREE.Clock: This module has been deprecated. Please use THREE.Timer instead. @ http://localhost:3000/_next/static/chunks/0xn0_next_dist_0-rlh9~._.js:2477
[   82506ms] [LOG] THREE.WebGLRenderer: Context Lost. @ http://localhost:3000/_next/static/chunks/0xn0_next_dist_0-rlh9~._.js:2477
[  315985ms] [LOG] [Fast Refresh] rebuilding @ http://localhost:3000/_next/static/chunks/0xn0_next_dist_0-rlh9~._.js:2477
[  316139ms] [LOG] [Fast Refresh] done in 220ms @ http://localhost:3000/_next/static/chunks/0xn0_next_dist_0-rlh9~._.js:2477
[  340705ms] [LOG] [Fast Refresh] rebuilding @ http://localhost:3000/_next/static/chunks/0xn0_next_dist_0-rlh9~._.js:2477
[  340737ms] [LOG] [Fast Refresh] done in 52ms @ http://localhost:3000/_next/static/chunks/0xn0_next_dist_0-rlh9~._.js:2477
[  348832ms] [LOG] [Fast Refresh] rebuilding @ http://localhost:3000/_next/static/chunks/0xn0_next_dist_0-rlh9~._.js:2477
[  348865ms] [LOG] [Fast Refresh] done in 63ms @ http://localhost:3000/_next/static/chunks/0xn0_next_dist_0-rlh9~._.js:2477
[  356043ms] [LOG] [Fast Refresh] rebuilding @ http://localhost:3000/_next/static/chunks/0xn0_next_dist_0-rlh9~._.js:2477
[  356076ms] [LOG] [Fast Refresh] done in 57ms @ http://localhost:3000/_next/static/chunks/0xn0_next_dist_0-rlh9~._.js:2477
[  362472ms] [LOG] [Fast Refresh] rebuilding @ http://localhost:3000/_next/static/chunks/0xn0_next_dist_0-rlh9~._.js:2477
[  362500ms] [LOG] [Fast Refresh] done in 47ms @ http://localhost:3000/_next/static/chunks/0xn0_next_dist_0-rlh9~._.js:2477
[  377592ms] [LOG] [Fast Refresh] rebuilding @ http://localhost:3000/_next/static/chunks/0xn0_next_dist_0-rlh9~._.js:2477
[  377621ms] [LOG] [Fast Refresh] done in 64ms @ http://localhost:3000/_next/static/chunks/0xn0_next_dist_0-rlh9~._.js:2477
[  384692ms] [LOG] [Fast Refresh] rebuilding @ http://localhost:3000/_next/static/chunks/0xn0_next_dist_0-rlh9~._.js:2477
[  384721ms] [LOG] [Fast Refresh] done in 45ms @ http://localhost:3000/_next/static/chunks/0xn0_next_dist_0-rlh9~._.js:2477
[  393618ms] [LOG] [Fast Refresh] rebuilding @ http://localhost:3000/_next/static/chunks/0xn0_next_dist_0-rlh9~._.js:2477
[  393649ms] [LOG] [Fast Refresh] done in 37ms @ http://localhost:3000/_next/static/chunks/0xn0_next_dist_0-rlh9~._.js:2477
[  398537ms] [LOG] [Fast Refresh] rebuilding @ http://localhost:3000/_next/static/chunks/0xn0_next_dist_0-rlh9~._.js:2477
[  398570ms] [LOG] [Fast Refresh] done in 51ms @ http://localhost:3000/_next/static/chunks/0xn0_next_dist_0-rlh9~._.js:2477
[  421650ms] [LOG] [Fast Refresh] rebuilding @ http://localhost:3000/_next/static/chunks/0xn0_next_dist_0-rlh9~._.js:2477
[  421680ms] [LOG] [Fast Refresh] done in 73ms @ http://localhost:3000/_next/static/chunks/0xn0_next_dist_0-rlh9~._.js:2477
[  421999ms] [INFO] %cDownload the React DevTools for a better development experience: https://react.dev/link/react-devtools font-weight:bold @ http://localhost:3000/_next/static/chunks/0xn0_next_dist_0-rlh9~._.js:2477
[  422014ms] [LOG] [HMR] connected @ http://localhost:3000/_next/static/chunks/0xn0_next_dist_0-rlh9~._.js:2477
[  430735ms] [LOG] [Fast Refresh] rebuilding @ http://localhost:3000/_next/static/chunks/0xn0_next_dist_0-rlh9~._.js:2477
[  430764ms] [LOG] [Fast Refresh] done in 26ms @ http://localhost:3000/_next/static/chunks/0xn0_next_dist_0-rlh9~._.js:2477
[  438046ms] [LOG] [Fast Refresh] rebuilding @ http://localhost:3000/_next/static/chunks/0xn0_next_dist_0-rlh9~._.js:2477
[  438071ms] [LOG] [Fast Refresh] done in 93ms @ http://localhost:3000/_next/static/chunks/0xn0_next_dist_0-rlh9~._.js:2477
[  447018ms] [LOG] [Fast Refresh] rebuilding @ http://localhost:3000/_next/static/chunks/0xn0_next_dist_0-rlh9~._.js:2477
[  447089ms] [LOG] [Fast Refresh] done in 143ms @ http://localhost:3000/_next/static/chunks/0xn0_next_dist_0-rlh9~._.js:2477
[  460123ms] [LOG] [Fast Refresh] rebuilding @ http://localhost:3000/_next/static/chunks/0xn0_next_dist_0-rlh9~._.js:2477
[  460174ms] [LOG] [Fast Refresh] done in 123ms @ http://localhost:3000/_next/static/chunks/0xn0_next_dist_0-rlh9~._.js:2477
[  466966ms] [LOG] [Fast Refresh] rebuilding @ http://localhost:3000/_next/static/chunks/0xn0_next_dist_0-rlh9~._.js:2477
[  466995ms] [LOG] [Fast Refresh] done in 31ms @ http://localhost:3000/_next/static/chunks/0xn0_next_dist_0-rlh9~._.js:2477
[  470368ms] [WARNING] THREE.Clock: This module has been deprecated. Please use THREE.Timer instead. @ http://localhost:3000/_next/static/chunks/0xn0_next_dist_0-rlh9~._.js:2477
[  496480ms] [LOG] THREE.WebGLRenderer: Context Lost. @ http://localhost:3000/_next/static/chunks/0xn0_next_dist_0-rlh9~._.js:2477
[  501940ms] [LOG] [Fast Refresh] rebuilding @ http://localhost:3000/_next/static/chunks/0xn0_next_dist_0-rlh9~._.js:2477
[  501972ms] [LOG] [Fast Refresh] done in 69ms @ http://localhost:3000/_next/static/chunks/0xn0_next_dist_0-rlh9~._.js:2477
[  515496ms] [LOG] [Fast Refresh] rebuilding @ http://localhost:3000/_next/static/chunks/0xn0_next_dist_0-rlh9~._.js:2477
[  515526ms] [LOG] [Fast Refresh] done in 33ms @ http://localhost:3000/_next/static/chunks/0xn0_next_dist_0-rlh9~._.js:2477
[  594119ms] [LOG] [Fast Refresh] rebuilding @ http://localhost:3000/_next/static/chunks/0xn0_next_dist_0-rlh9~._.js:2477
[  594208ms] [LOG] [Fast Refresh] done in 171ms @ http://localhost:3000/_next/static/chunks/0xn0_next_dist_0-rlh9~._.js:2477
[  603082ms] [LOG] [Fast Refresh] rebuilding @ http://localhost:3000/_next/static/chunks/0xn0_next_dist_0-rlh9~._.js:2477
[  603105ms] [LOG] [Fast Refresh] done in 48ms @ http://localhost:3000/_next/static/chunks/0xn0_next_dist_0-rlh9~._.js:2477
[  605955ms] [WARNING] THREE.Clock: This module has been deprecated. Please use THREE.Timer instead. @ http://localhost:3000/_next/static/chunks/0xn0_next_dist_0-rlh9~._.js:2477
[  609339ms] [LOG] [Fast Refresh] rebuilding @ http://localhost:3000/_next/static/chunks/0xn0_next_dist_0-rlh9~._.js:2477
[  609365ms] [LOG] [Fast Refresh] done in 103ms @ http://localhost:3000/_next/static/chunks/0xn0_next_dist_0-rlh9~._.js:2477
[  609823ms] [LOG] THREE.WebGLRenderer: Context Lost. @ http://localhost:3000/_next/static/chunks/0xn0_next_dist_0-rlh9~._.js:2477
[  772182ms] [LOG] [Fast Refresh] rebuilding @ http://localhost:3000/_next/static/chunks/0xn0_next_dist_0-rlh9~._.js:2477
[  772220ms] [LOG] [Fast Refresh] done in 86ms @ http://localhost:3000/_next/static/chunks/0xn0_next_dist_0-rlh9~._.js:2477
[  772276ms] [WARNING] THREE.Clock: This module has been deprecated. Please use THREE.Timer instead. @ http://localhost:3000/_next/static/chunks/0xn0_next_dist_0-rlh9~._.js:2477
